Loading datasets...
[Simulated] 15 seeds done (105s)
[CDNow] 15 seeds done (109s)
[Grocery] 15 seeds done (101s)
[OnlineRetailII] 15 seeds done (161s)
[Olist] 15 seeds done (171s)
[Dunnhumby] 15 seeds done (172s)
[Ta-Feng] 15 seeds done (236s)

=== Multi-seed study: BTYD vs ML (mean over seeds, all customers; * = best) ===
dataset        metric         BTYD PoissonGBM  HurdleGBMQuantileGBM
Simulated      CRPS         0.389*     0.512      0.488      0.519    best=BTYD
Simulated      pit_ks       0.042*     0.060      0.053      0.072    best=BTYD
CDNow          CRPS         0.373*     0.425      0.415      0.404    best=BTYD
CDNow          pit_ks       0.064      0.054      0.041*     0.060    best=HurdleGBM
Grocery        CRPS         0.522*     0.578      0.584      0.591    best=BTYD
Grocery        pit_ks       0.045*     0.063      0.063      0.077    best=BTYD
OnlineRetailII CRPS         0.776      0.693      0.699      0.681*   best=QuantileGBM
OnlineRetailII pit_ks       0.211      0.055      0.041*     0.042    best=HurdleGBM
Olist          CRPS         0.017      0.017      0.017*     0.017    best=HurdleGBM
Olist          pit_ks       0.011      0.009      0.009*     0.019    best=HurdleGBM
Dunnhumby      CRPS         6.950      7.351      7.360      6.535*   best=QuantileGBM
Dunnhumby      pit_ks       0.169      0.227      0.212      0.058*   best=QuantileGBM
Ta-Feng        CRPS         0.948      0.922      0.916      0.910*   best=QuantileGBM
Ta-Feng        pit_ks       0.071      0.087      0.041      0.031*   best=QuantileGBM

[saved] C:\Users\Pranava Baascaran\Desktop\Projects\pareto-nbd-extension\results\ml_study_raw.csv and C:\Users\Pranava Baascaran\Desktop\Projects\pareto-nbd-extension\results\ml_study_summary.csv
